---
source: src/converters.rs
expression: results
---
[
    [
        Double(
            1.0,
        ),
        Text(
            "game1_add_resource",
        ),
    ],
    [
        Double(
            2.0,
        ),
        Text(
            "game2_add_resource",
        ),
    ],
]
