---
source: src/describe.rs
expression: describe
---
profile: tabular-data-package
resources:
  - profile: tabular-data-resource
    name: all_types_six_rows
    row_count: 6.0
    schema:
      fields:
        - name: string
          type: string
          format: string
          stats:
            min_len: 3.0
            max_len: 3.0
            min_str: "122"
            max_str: foo
            min_number: 122.0
            max_number: 122.0
            count: 6.0
            empty_count: 0.0
            estimate_unique: 2.0
            sum: ~
            mean: ~
        - name: array
          type: array
          format: array
          stats:
            min_len: 5.0
            max_len: 5.0
            min_str: "[4,5]"
            max_str: "[4,9]"
            min_number: ~
            max_number: ~
            count: 6.0
            empty_count: 0.0
            estimate_unique: 2.0
            sum: ~
            mean: ~
        - name: object
          type: object
          format: object
          stats:
            min_len: 9.0
            max_len: 9.0
            min_str: "{\"a\":\"b\"}"
            max_str: "{\"c\":\"b\"}"
            min_number: ~
            max_number: ~
            count: 6.0
            empty_count: 0.0
            estimate_unique: 2.0
            sum: ~
            mean: ~
        - name: date
          type: date
          format: "%Y-%m-%d"
          stats:
            min_len: 10.0
            max_len: 10.0
            min_str: 2005-01-12
            max_str: 2005-01-12
            min_number: ~
            max_number: ~
            count: 6.0
            empty_count: 0.0
            estimate_unique: 1.0
            sum: ~
            mean: ~
        - name: datetime
          type: datetime
          format: "%Y-%m-%d %H:%M"
          stats:
            min_len: 16.0
            max_len: 16.0
            min_str: "2005-01-12 20:20"
            max_str: "2005-01-12 20:20"
            min_number: ~
            max_number: ~
            count: 6.0
            empty_count: 0.0
            estimate_unique: 1.0
            sum: ~
            mean: ~
        - name: time
          type: time
          format: "%H:%M"
          stats:
            min_len: 5.0
            max_len: 5.0
            min_str: "12:12"
            max_str: "12:12"
            min_number: ~
            max_number: ~
            count: 6.0
            empty_count: 0.0
            estimate_unique: 1.0
            sum: ~
            mean: ~
        - name: boolean
          type: boolean
          format: boolean
          stats:
            min_len: 4.0
            max_len: 4.0
            min_str: "true"
            max_str: "true"
            min_number: ~
            max_number: ~
            count: 6.0
            empty_count: 0.0
            estimate_unique: 1.0
            sum: ~
            mean: ~
        - name: number
          type: number
          format: number
          stats:
            min_len: 4.0
            max_len: 4.0
            min_str: "23.3"
            max_str: "23.3"
            min_number: 23.0
            max_number: 23.0
            count: 6.0
            empty_count: 0.0
            estimate_unique: 1.0
            sum: 140.0
            mean: 23.0
        - name: integer
          type: integer
          format: integer
          stats:
            min_len: 2.0
            max_len: 2.0
            min_str: "23"
            max_str: "23"
            min_number: 23.0
            max_number: 23.0
            count: 6.0
            empty_count: 0.0
            estimate_unique: 1.0
            sum: 138.0
            mean: 23.0
    path: src/fixtures/all_types_six_rows.csv
    dialect:
      delimiter: ","
      quoteChar: "\""

