---
source: src/lib.rs
expression: name_type
---
- string-text
- date-timestamp
- number-numeric
- boolean-bool

